Archive member included to satisfy reference by file (symbol)

C:/NXP/S32DS.3.4/S32DS/build_tools/gcc_b1620/gcc-6.3-arm32-eabi/arm-none-eabi/newlib/lib/thumb/v7e-m/fpv4-sp/hard\libc_nano.a(lib_a-exit.o)
                              C:/NXP/S32DS.3.4/S32DS/build_tools/gcc_b1620/gcc-6.3-arm32-eabi/arm-none-eabi/newlib/lib/thumb/v7e-m/fpv4-sp/hard/crt0.o (exit)
C:/NXP/S32DS.3.4/S32DS/build_tools/gcc_b1620/gcc-6.3-arm32-eabi/arm-none-eabi/newlib/lib/thumb/v7e-m/fpv4-sp/hard\libc_nano.a(lib_a-impure.o)
                              C:/NXP/S32DS.3.4/S32DS/build_tools/gcc_b1620/gcc-6.3-arm32-eabi/arm-none-eabi/newlib/lib/thumb/v7e-m/fpv4-sp/hard\libc_nano.a(lib_a-exit.o) (_global_impure_ptr)
C:/NXP/S32DS.3.4/S32DS/build_tools/gcc_b1620/gcc-6.3-arm32-eabi/arm-none-eabi/newlib/lib/thumb/v7e-m/fpv4-sp/hard\libc_nano.a(lib_a-init.o)
                              C:/NXP/S32DS.3.4/S32DS/build_tools/gcc_b1620/gcc-6.3-arm32-eabi/arm-none-eabi/newlib/lib/thumb/v7e-m/fpv4-sp/hard/crt0.o (__libc_init_array)
C:/NXP/S32DS.3.4/S32DS/build_tools/gcc_b1620/gcc-6.3-arm32-eabi/arm-none-eabi/newlib/lib/thumb/v7e-m/fpv4-sp/hard\libc_nano.a(lib_a-memset.o)
                              C:/NXP/S32DS.3.4/S32DS/build_tools/gcc_b1620/gcc-6.3-arm32-eabi/arm-none-eabi/newlib/lib/thumb/v7e-m/fpv4-sp/hard/crt0.o (memset)
C:/NXP/S32DS.3.4/S32DS/build_tools/gcc_b1620/gcc-6.3-arm32-eabi/arm-none-eabi/newlib/lib/thumb/v7e-m/fpv4-sp/hard\libc_nano.a(lib_a-sprintf.o)
                              ./src/main.o (sprintf)
C:/NXP/S32DS.3.4/S32DS/build_tools/gcc_b1620/gcc-6.3-arm32-eabi/arm-none-eabi/newlib/lib/thumb/v7e-m/fpv4-sp/hard\libc_nano.a(lib_a-nano-svfprintf.o)
                              C:/NXP/S32DS.3.4/S32DS/build_tools/gcc_b1620/gcc-6.3-arm32-eabi/arm-none-eabi/newlib/lib/thumb/v7e-m/fpv4-sp/hard\libc_nano.a(lib_a-sprintf.o) (_svfprintf_r)
C:/NXP/S32DS.3.4/S32DS/build_tools/gcc_b1620/gcc-6.3-arm32-eabi/arm-none-eabi/newlib/lib/thumb/v7e-m/fpv4-sp/hard\libc_nano.a(lib_a-nano-vfprintf_i.o)
                              C:/NXP/S32DS.3.4/S32DS/build_tools/gcc_b1620/gcc-6.3-arm32-eabi/arm-none-eabi/newlib/lib/thumb/v7e-m/fpv4-sp/hard\libc_nano.a(lib_a-nano-svfprintf.o) (_printf_i)
C:/NXP/S32DS.3.4/S32DS/build_tools/gcc_b1620/gcc-6.3-arm32-eabi/arm-none-eabi/newlib/lib/thumb/v7e-m/fpv4-sp/hard\libc_nano.a(lib_a-memchr.o)
                              C:/NXP/S32DS.3.4/S32DS/build_tools/gcc_b1620/gcc-6.3-arm32-eabi/arm-none-eabi/newlib/lib/thumb/v7e-m/fpv4-sp/hard\libc_nano.a(lib_a-nano-svfprintf.o) (memchr)
C:/NXP/S32DS.3.4/S32DS/build_tools/gcc_b1620/gcc-6.3-arm32-eabi/arm-none-eabi/newlib/lib/thumb/v7e-m/fpv4-sp/hard\libc_nano.a(lib_a-memcpy-stub.o)
                              C:/NXP/S32DS.3.4/S32DS/build_tools/gcc_b1620/gcc-6.3-arm32-eabi/arm-none-eabi/newlib/lib/thumb/v7e-m/fpv4-sp/hard\libc_nano.a(lib_a-nano-svfprintf.o) (memcpy)
C:/NXP/S32DS.3.4/S32DS/build_tools/gcc_b1620/gcc-6.3-arm32-eabi/arm-none-eabi/newlib/lib/thumb/v7e-m/fpv4-sp/hard\libc_nano.a(lib_a-memmove.o)
                              C:/NXP/S32DS.3.4/S32DS/build_tools/gcc_b1620/gcc-6.3-arm32-eabi/arm-none-eabi/newlib/lib/thumb/v7e-m/fpv4-sp/hard\libc_nano.a(lib_a-nano-svfprintf.o) (memmove)
C:/NXP/S32DS.3.4/S32DS/build_tools/gcc_b1620/gcc-6.3-arm32-eabi/arm-none-eabi/newlib/lib/thumb/v7e-m/fpv4-sp/hard\libc_nano.a(lib_a-nano-freer.o)
                              C:/NXP/S32DS.3.4/S32DS/build_tools/gcc_b1620/gcc-6.3-arm32-eabi/arm-none-eabi/newlib/lib/thumb/v7e-m/fpv4-sp/hard\libc_nano.a(lib_a-nano-svfprintf.o) (_free_r)
C:/NXP/S32DS.3.4/S32DS/build_tools/gcc_b1620/gcc-6.3-arm32-eabi/arm-none-eabi/newlib/lib/thumb/v7e-m/fpv4-sp/hard\libc_nano.a(lib_a-nano-mallocr.o)
                              C:/NXP/S32DS.3.4/S32DS/build_tools/gcc_b1620/gcc-6.3-arm32-eabi/arm-none-eabi/newlib/lib/thumb/v7e-m/fpv4-sp/hard\libc_nano.a(lib_a-nano-svfprintf.o) (_malloc_r)
C:/NXP/S32DS.3.4/S32DS/build_tools/gcc_b1620/gcc-6.3-arm32-eabi/arm-none-eabi/newlib/lib/thumb/v7e-m/fpv4-sp/hard\libc_nano.a(lib_a-nano-reallocr.o)
                              C:/NXP/S32DS.3.4/S32DS/build_tools/gcc_b1620/gcc-6.3-arm32-eabi/arm-none-eabi/newlib/lib/thumb/v7e-m/fpv4-sp/hard\libc_nano.a(lib_a-nano-svfprintf.o) (_realloc_r)
C:/NXP/S32DS.3.4/S32DS/build_tools/gcc_b1620/gcc-6.3-arm32-eabi/arm-none-eabi/newlib/lib/thumb/v7e-m/fpv4-sp/hard\libc_nano.a(lib_a-sbrkr.o)
                              C:/NXP/S32DS.3.4/S32DS/build_tools/gcc_b1620/gcc-6.3-arm32-eabi/arm-none-eabi/newlib/lib/thumb/v7e-m/fpv4-sp/hard\libc_nano.a(lib_a-nano-mallocr.o) (_sbrk_r)
C:/NXP/S32DS.3.4/S32DS/build_tools/gcc_b1620/gcc-6.3-arm32-eabi/arm-none-eabi/newlib/lib/thumb/v7e-m/fpv4-sp/hard\libc_nano.a(lib_a-mlock.o)
                              C:/NXP/S32DS.3.4/S32DS/build_tools/gcc_b1620/gcc-6.3-arm32-eabi/arm-none-eabi/newlib/lib/thumb/v7e-m/fpv4-sp/hard\libc_nano.a(lib_a-nano-freer.o) (__malloc_lock)
[...]
Memory Configuration

Name             Origin             Length             Attributes
m_interrupts     0x1fff8000         0x00000400         xr
m_text           0x1fff8400         0x00007c00         xr
m_data           0x20000000         0x00007000         rw
*default*        0x00000000         0xffffffff

Linker script and memory map

LOAD c:/nxp/s32ds.3.4/s32ds/build_tools/gcc_v6.3/gcc-6.3-arm32-eabi/bin/../lib/gcc/arm-none-eabi/6.3.1/thumb/v7e-m/fpv4-sp/hard/crti.o
LOAD c:/nxp/s32ds.3.4/s32ds/build_tools/gcc_v6.3/gcc-6.3-arm32-eabi/bin/../lib/gcc/arm-none-eabi/6.3.1/thumb/v7e-m/fpv4-sp/hard/crtbegin.o
LOAD C:/NXP/S32DS.3.4/S32DS/build_tools/gcc_b1620/gcc-6.3-arm32-eabi/arm-none-eabi/newlib/lib/thumb/v7e-m/fpv4-sp/hard/crt0.o
LOAD ./Project_Settings/Startup_Code/startup_S32K144.o
LOAD ./SDK/platform/devices/S32K144/startup/system_S32K144.o
LOAD ./SDK/platform/devices/startup.o
LOAD ./SDK/platform/drivers/src/clock/S32K1xx/clock_S32K1xx.o
LOAD ./SDK/platform/drivers/src/interrupt/interrupt_manager.o
LOAD ./SDK/platform/drivers/src/pins/pins_driver.o
LOAD ./SDK/platform/drivers/src/pins/pins_port_hw_access.o
LOAD ./board/clock_config.o
LOAD ./board/pin_mux.o
LOAD ./src/FTM.o
LOAD ./src/FlexCAN.o
LOAD ./src/GPIO.o
LOAD ./src/LPIT.o
LOAD ./src/LUART.o
LOAD ./src/Middleware.o
LOAD ./src/NVIC.o
LOAD ./src/PORT.o
LOAD ./src/clocks_and_modes.o
LOAD ./src/main.o
START GROUP
LOAD c:/nxp/s32ds.3.4/s32ds/build_tools/gcc_v6.3/gcc-6.3-arm32-eabi/bin/../lib/gcc/arm-none-eabi/6.3.1/thumb/v7e-m/fpv4-sp/hard\libgcc.a
LOAD C:/NXP/S32DS.3.4/S32DS/build_tools/gcc_b1620/gcc-6.3-arm32-eabi/arm-none-eabi/newlib/lib/thumb/v7e-m/fpv4-sp/hard\libc_nano.a
END GROUP
START GROUP
LOAD c:/nxp/s32ds.3.4/s32ds/build_tools/gcc_v6.3/gcc-6.3-arm32-eabi/bin/../lib/gcc/arm-none-eabi/6.3.1/thumb/v7e-m/fpv4-sp/hard\libgcc.a
LOAD C:/NXP/S32DS.3.4/S32DS/build_tools/gcc_b1620/gcc-6.3-arm32-eabi/arm-none-eabi/newlib/lib/thumb/v7e-m/fpv4-sp/hard\libc_nano.a
LOAD C:/NXP/S32DS.3.4/S32DS/build_tools/gcc_b1620/gcc-6.3-arm32-eabi/arm-none-eabi/newlib/lib/thumb/v7e-m/fpv4-sp/hard\libnosys.a
END GROUP
START GROUP
LOAD c:/nxp/s32ds.3.4/s32ds/build_tools/gcc_v6.3/gcc-6.3-arm32-eabi/bin/../lib/gcc/arm-none-eabi/6.3.1/thumb/v7e-m/fpv4-sp/hard\libgcc.a
LOAD C:/NXP/S32DS.3.4/S32DS/build_tools/gcc_b1620/gcc-6.3-arm32-eabi/arm-none-eabi/newlib/lib/thumb/v7e-m/fpv4-sp/hard\libc_nano.a
LOAD C:/NXP/S32DS.3.4/S32DS/build_tools/gcc_b1620/gcc-6.3-arm32-eabi/arm-none-eabi/newlib/lib/thumb/v7e-m/fpv4-sp/hard\libnosys.a
END GROUP
LOAD c:/nxp/s32ds.3.4/s32ds/build_tools/gcc_v6.3/gcc-6.3-arm32-eabi/bin/../lib/gcc/arm-none-eabi/6.3.1/thumb/v7e-m/fpv4-sp/hard/crtend.o
LOAD c:/nxp/s32ds.3.4/s32ds/build_tools/gcc_v6.3/gcc-6.3-arm32-eabi/bin/../lib/gcc/arm-none-eabi/6.3.1/thumb/v7e-m/fpv4-sp/hard/crtn.o
                0x00000400                HEAP_SIZE = DEFINED (__heap_size__)?__heap_size__:0x400
                0x00000400                STACK_SIZE = DEFINED (__stack_size__)?__stack_size__:0x400

.interrupts     0x1fff8000      0x400
                0x1fff8000                __VECTOR_TABLE = .
                0x1fff8000                __interrupts_start__ = .
                0x1fff8000                . = ALIGN (0x4)
 *(.isr_vector)
 .isr_vector    0x1fff8000      0x400 ./Project_Settings/Startup_Code/startup_S32K144.o
                0x1fff8000                __isr_vector
                0x1fff8400                __interrupts_end__ = .
                0x1fff8400                . = ALIGN (0x4)
                0x1fff8000                __VECTOR_RAM = __VECTOR_TABLE
                0x00000000                __RAM_VECTOR_TABLE_SIZE = 0x0

.text           0x1fff8400     0x1698
                0x1fff8400                . = ALIGN (0x4)
 *(.text)
 .text          0x1fff8400       0x4c ./Project_Settings/Startup_Code/startup_S32K144.o
                0x1fff8400                Reset_Handler
                0x1fff8448                DebugMon_Handler
                0x1fff8448                Reserved88_IRQHandler
                0x1fff8448                CAN0_ORed_IRQHandler
                0x1fff8448                HardFault_Handler
                0x1fff8448                Reserved86_IRQHandler
                0x1fff8448                Reserved103_IRQHandler
                0x1fff8448                SysTick_Handler
                0x1fff8448                FTM2_Ovf_Reload_IRQHandler
                0x1fff8448                Reserved50_IRQHandler
                0x1fff8448                FTFC_Fault_IRQHandler
                0x1fff8448                FTM0_Ch6_Ch7_IRQHandler
                0x1fff8448                Reserved114_IRQHandler
                0x1fff8448                PendSV_Handler
                0x1fff8448                NMI_Handler
                0x1fff8448                Reserved89_IRQHandler
                0x1fff8448                ERM_double_fault_IRQHandler
                0x1fff8448                DMA2_IRQHandler
                0x1fff8448                Reserved59_IRQHandler
                0x1fff8448                Reserved99_IRQHandler
                0x1fff8448                FTM3_Ch6_Ch7_IRQHandler
                0x1fff8448                CAN2_ORed_0_15_MB_IRQHandler
                0x1fff8448                LPIT0_Ch3_IRQHandler
                0x1fff8448                Reserved92_IRQHandler
                0x1fff8448                FTM0_Ch4_Ch5_IRQHandler
                0x1fff8448                CAN1_Error_IRQHandler
                0x1fff8448                FTM3_Ch0_Ch1_IRQHandler
                0x1fff8448                SWI_IRQHandler
                0x1fff8448                ADC0_IRQHandler
                0x1fff8448                FTM2_Ch4_Ch5_IRQHandler
                0x1fff8448                UsageFault_Handler
                0x1fff8448                FTM0_Ovf_Reload_IRQHandler
                0x1fff8448                DefaultISR
                0x1fff8448                DMA9_IRQHandler
                0x1fff8448                Reserved58_IRQHandler
                0x1fff8448                CAN1_ORed_0_15_MB_IRQHandler
                0x1fff8448                FTM1_Ch2_Ch3_IRQHandler
                0x1fff8448                DMA14_IRQHandler
                0x1fff8448                Reserved82_IRQHandler
                0x1fff8448                CAN0_ORed_16_31_MB_IRQHandler
                0x1fff8448                LPI2C0_Slave_IRQHandler
                0x1fff8448                Reserved71_IRQHandler
                0x1fff8448                PORTD_IRQHandler
                0x1fff8448                Reserved69_IRQHandler
                0x1fff8448                PORTB_IRQHandler
                0x1fff8448                Reserved70_IRQHandler
                0x1fff8448                ADC1_IRQHandler
                0x1fff8448                FTM2_Ch2_Ch3_IRQHandler
                0x1fff8448                Reserved53_IRQHandler
                0x1fff8448                DMA5_IRQHandler
                0x1fff8448                RTC_IRQHandler
                0x1fff8448                PDB0_IRQHandler
                0x1fff8448                Reserved54_IRQHandler
                0x1fff8448                FTM2_Ch6_Ch7_IRQHandler
                0x1fff8448                FTM3_Ch2_Ch3_IRQHandler
                0x1fff8448                FTM2_Ch0_Ch1_IRQHandler
                0x1fff8448                LPSPI1_IRQHandler
                0x1fff8448                LPUART1_RxTx_IRQHandler
                0x1fff8448                RTC_Seconds_IRQHandler
                0x1fff8448                CAN2_ORed_IRQHandler
                0x1fff8448                Reserved72_IRQHandler
                0x1fff8448                Reserved110_IRQHandler
                0x1fff8448                DMA11_IRQHandler
                0x1fff8448                Reserved107_IRQHandler
                0x1fff8448                Read_Collision_IRQHandler
                0x1fff8448                CAN2_Error_IRQHandler
                0x1fff8448                FTFC_IRQHandler
                0x1fff8448                DMA7_IRQHandler
                0x1fff8448                FTM1_Ch6_Ch7_IRQHandler
                0x1fff8448                Reserved105_IRQHandler
                0x1fff8448                FTM1_Ch4_Ch5_IRQHandler
                0x1fff8448                FTM3_Ovf_Reload_IRQHandler
                0x1fff8448                LPUART2_RxTx_IRQHandler
                0x1fff8448                LPSPI0_IRQHandler
                0x1fff8448                WDOG_EWM_IRQHandler
                0x1fff8448                MemManage_Handler
                0x1fff8448                Reserved90_IRQHandler
                0x1fff8448                Reserved83_IRQHandler
                0x1fff8448                FTM0_Fault_IRQHandler
                0x1fff8448                Reserved48_IRQHandler
                0x1fff8448                SVC_Handler
                0x1fff8448                ERM_single_fault_IRQHandler
                0x1fff8448                FTM2_Fault_IRQHandler
                0x1fff8448                FTM0_Ch2_Ch3_IRQHandler
                0x1fff8448                DMA13_IRQHandler
                0x1fff8448                FTM0_Ch0_Ch1_IRQHandler
                0x1fff8448                FTM3_Fault_IRQHandler
                0x1fff8448                RCM_IRQHandler
                0x1fff8448                DMA3_IRQHandler
                0x1fff8448                Reserved100_IRQHandler
                0x1fff8448                DMA0_IRQHandler
                0x1fff8448                Reserved91_IRQHandler
                0x1fff8448                CAN1_ORed_IRQHandler
                0x1fff8448                DMA15_IRQHandler
                0x1fff8448                SCG_IRQHandler
                0x1fff8448                PDB1_IRQHandler
                0x1fff8448                Reserved81_IRQHandler
                0x1fff8448                Reserved46_IRQHandler
                0x1fff8448                Reserved45_IRQHandler
                0x1fff8448                CAN0_Error_IRQHandler
                0x1fff8448                Reserved112_IRQHandler
                0x1fff8448                LPI2C0_Master_IRQHandler
                0x1fff8448                DMA4_IRQHandler
                0x1fff8448                FTM1_Fault_IRQHandler
                0x1fff8448                Reserved106_IRQHandler
                0x1fff8448                DMA_Error_IRQHandler
                0x1fff8448                LVD_LVW_IRQHandler
                0x1fff8448                LPIT0_Ch2_IRQHandler
                0x1fff8448                PORTA_IRQHandler
                0x1fff8448                MCM_IRQHandler
                0x1fff8448                LPSPI2_IRQHandler
                0x1fff8448                DMA12_IRQHandler
                0x1fff8448                FTM3_Ch4_Ch5_IRQHandler
                0x1fff8448                PORTE_IRQHandler
                0x1fff8448                LPUART0_RxTx_IRQHandler
                0x1fff8448                LPTMR0_IRQHandler
                0x1fff8448                BusFault_Handler
                0x1fff8448                Reserved87_IRQHandler
                0x1fff8448                FTM1_Ovf_Reload_IRQHandler
                0x1fff8448                DMA8_IRQHandler
                0x1fff8448                Reserved93_IRQHandler
                0x1fff8448                DMA10_IRQHandler
                0x1fff8448                CAN0_Wake_Up_IRQHandler
                0x1fff8448                CMP0_IRQHandler
                0x1fff8448                Reserved52_IRQHandler
                0x1fff8448                DMA6_IRQHandler
                0x1fff8448                FTM1_Ch0_Ch1_IRQHandler
                0x1fff8448                FLEXIO_IRQHandler
                0x1fff8448                DMA1_IRQHandler
                0x1fff8448                Reserved113_IRQHandler
 *fill*         0x1fff844c        0x4 
 .text          0x1fff8450       0xa0 C:/NXP/S32DS.3.4/S32DS/build_tools/gcc_b1620/gcc-6.3-arm32-eabi/arm-none-eabi/newlib/lib/thumb/v7e-m/fpv4-sp/hard\libc_nano.a(lib_a-memchr.o)
                0x1fff8450                memchr
 *(.text*)
 .text.SystemInit
                0x1fff84f0       0x3c ./SDK/platform/devices/S32K144/startup/system_S32K144.o
                0x1fff84f0                SystemInit
 .text.init_data_bss
                0x1fff852c       0xd8 ./SDK/platform/devices/startup.o
                0x1fff852c                init_data_bss
 .text.FTMx_init
                0x1fff8604       0x8c ./src/FTM.o
                0x1fff8604                FTMx_init
 .text.FTMx_CHx_PWM_init
                0x1fff8690       0x46 ./src/FTM.o
                0x1fff8690                FTMx_CHx_PWM_init
 *fill*         0x1fff86d6        0x2 
 .text.FTM0_start_counter
                0x1fff86d8       0x10 ./src/FTM.o
                0x1fff86d8                FTM0_start_counter
 .text.FTM0_stop_counter
                0x1fff86e8       0x10 ./src/FTM.o
                0x1fff86e8                FTM0_stop_counter
 .text.volatile_memcpy
                0x1fff86f8       0x1e ./src/FlexCAN.o
                0x1fff86f8                volatile_memcpy
 *fill*         0x1fff8716        0x2 
 .text.initFlexcan
                0x1fff8718      0x160 ./src/FlexCAN.o
                0x1fff8718                initFlexcan
 .text.can_txmsg
                0x1fff8878       0x60 ./src/FlexCAN.o
                0x1fff8878                can_txmsg
 .text.can_rxbuff_init
                0x1fff88d8       0x34 ./src/FlexCAN.o
                0x1fff88d8                can_rxbuff_init
 .text.can_get_buff_flag
                0x1fff890c       0x14 ./src/FlexCAN.o
                0x1fff890c                can_get_buff_flag
 .text.can_clear_buff_flag
                0x1fff8920       0x18 ./src/FlexCAN.o
                0x1fff8920                can_clear_buff_flag
 .text.can_rxmsg
                0x1fff8938       0x5c ./src/FlexCAN.o
                0x1fff8938                can_rxmsg
 .text.GPIO_SetPin
                0x1fff8994       0x16 ./src/GPIO.o
                0x1fff8994                GPIO_SetPin
 .text.GPIO_ClearPin
                0x1fff89aa       0x16 ./src/GPIO.o
                0x1fff89aa                GPIO_ClearPin
 .text.myGPIO_Init
                0x1fff89c0       0x44 ./src/GPIO.o
                0x1fff89c0                myGPIO_Init
 .text.delay    0x1fff8a04       0x10 ./src/LPIT.o
                0x1fff8a04                delay
 .text.LPIT_Init
                0x1fff8a14       0xa4 ./src/LPIT.o
                0x1fff8a14                LPIT_Init
 .text.ClearFlag_LPIT
                0x1fff8ab8       0x14 ./src/LPIT.o
                0x1fff8ab8                ClearFlag_LPIT
 .text.LPUART1_init
                0x1fff8acc       0x74 ./src/LUART.o
                0x1fff8acc                LPUART1_init
 .text.LPUART1_transmit_char
                0x1fff8b40       0x14 ./src/LUART.o
                0x1fff8b40                LPUART1_transmit_char
 .text.LPUART1_transmit_string
                0x1fff8b54       0x16 ./src/LUART.o
                0x1fff8b54                LPUART1_transmit_string
 *fill*         0x1fff8b6a        0x2 
 .text.Init_button
                0x1fff8b6c       0xe0 ./src/Middleware.o
                0x1fff8b6c                Init_button
 .text.FTM0_PORT_init
                0x1fff8c4c       0x40 ./src/Middleware.o
                0x1fff8c4c                FTM0_PORT_init
 .text.FlexCAN_Init
                0x1fff8c8c       0x20 ./src/Middleware.o
                0x1fff8c8c                FlexCAN_Init
 .text.FlexCan_Port_Init
                0x1fff8cac       0x40 ./src/Middleware.o
                0x1fff8cac                FlexCan_Port_Init
 .text.LPIT_Timer_Init
                0x1fff8cec       0x3c ./src/Middleware.o
                0x1fff8cec                LPIT_Timer_Init
 .text.Init_UART
                0x1fff8d28       0x1c ./src/Middleware.o
                0x1fff8d28                Init_UART
 .text.Enable_Clock
                0x1fff8d44        0xc ./src/Middleware.o
                0x1fff8d44                Enable_Clock
 .text.receive_CAN_message
                0x1fff8d50       0x38 ./src/Middleware.o
                0x1fff8d50                receive_CAN_message
 .text.send_CAN_message
                0x1fff8d88       0x26 ./src/Middleware.o
                0x1fff8d88                send_CAN_message
 *fill*         0x1fff8dae        0x2 
 .text.FTM_Init
                0x1fff8db0       0x34 ./src/Middleware.o
                0x1fff8db0                FTM_Init
 .text.PWM_Init
                0x1fff8de4       0x68 ./src/Middleware.o
                0x1fff8de4                PWM_Init
 .text.NVIC_Set_IRQs
                0x1fff8e4c       0x36 ./src/NVIC.o
                0x1fff8e4c                NVIC_Set_IRQs
 .text.myPORT_PinInit
                0x1fff8e82       0xc0 ./src/PORT.o
                0x1fff8e82                myPORT_PinInit
 .text.PORT_ClearFlag
                0x1fff8f42       0x1a ./src/PORT.o
                0x1fff8f42                PORT_ClearFlag
 .text.SOSC_init_8MHz
                0x1fff8f5c       0x44 ./src/clocks_and_modes.o
                0x1fff8f5c                SOSC_init_8MHz
 .text.SPLL_init_160MHz
                0x1fff8fa0       0x5c ./src/clocks_and_modes.o
                0x1fff8fa0                SPLL_init_160MHz
 .text.WDOG_disable
                0x1fff8ffc       0x1c ./src/main.o
                0x1fff8ffc                WDOG_disable
 .text.LPIT0_Ch0_IRQHandler
                0x1fff9018       0x3c ./src/main.o
                0x1fff9018                LPIT0_Ch0_IRQHandler
 .text.LPIT0_Ch1_IRQHandler
                0x1fff9054       0x12 ./src/main.o
                0x1fff9054                LPIT0_Ch1_IRQHandler
 *fill*         0x1fff9066        0x2 
 .text.PORTC_IRQHandler
                0x1fff9068       0xb4 ./src/main.o
                0x1fff9068                PORTC_IRQHandler
 .text.CAN0_ORed_0_15_MB_IRQHandler
                0x1fff911c       0x40 ./src/main.o
                0x1fff911c                CAN0_ORed_0_15_MB_IRQHandler
 .text.main     0x1fff915c       0x80 ./src/main.o
                0x1fff915c                main
 .text.sprintf  0x1fff91dc       0x48 C:/NXP/S32DS.3.4/S32DS/build_tools/gcc_b1620/gcc-6.3-arm32-eabi/arm-none-eabi/newlib/lib/thumb/v7e-m/fpv4-sp/hard\libc_nano.a(lib_a-sprintf.o)
                0x1fff91dc                siprintf
                0x1fff91dc                sprintf
 .text.__ssputs_r
                0x1fff9224       0xb6 C:/NXP/S32DS.3.4/S32DS/build_tools/gcc_b1620/gcc-6.3-arm32-eabi/arm-none-eabi/newlib/lib/thumb/v7e-m/fpv4-sp/hard\libc_nano.a(lib_a-nano-svfprintf.o)
                0x1fff9224                __ssputs_r
 *fill*         0x1fff92da        0x2 
 .text._svfprintf_r
                0x1fff92dc      0x1ec C:/NXP/S32DS.3.4/S32DS/build_tools/gcc_b1620/gcc-6.3-arm32-eabi/arm-none-eabi/newlib/lib/thumb/v7e-m/fpv4-sp/hard\libc_nano.a(lib_a-nano-svfprintf.o)
                0x1fff92dc                _svfiprintf_r
                0x1fff92dc                _svfprintf_r
 .text._printf_common
                0x1fff94c8       0xec C:/NXP/S32DS.3.4/S32DS/build_tools/gcc_b1620/gcc-6.3-arm32-eabi/arm-none-eabi/newlib/lib/thumb/v7e-m/fpv4-sp/hard\libc_nano.a(lib_a-nano-vfprintf_i.o)
                0x1fff94c8                _printf_common
 .text._printf_i
                0x1fff95b4      0x240 C:/NXP/S32DS.3.4/S32DS/build_tools/gcc_b1620/gcc-6.3-arm32-eabi/arm-none-eabi/newlib/lib/thumb/v7e-m/fpv4-sp/hard\libc_nano.a(lib_a-nano-vfprintf_i.o)
                0x1fff95b4                _printf_i
 .text.memcpy   0x1fff97f4       0x1c C:/NXP/S32DS.3.4/S32DS/build_tools/gcc_b1620/gcc-6.3-arm32-eabi/arm-none-eabi/newlib/lib/thumb/v7e-m/fpv4-sp/hard\libc_nano.a(lib_a-memcpy-stub.o)
                0x1fff97f4                memcpy
 .text.memmove  0x1fff9810       0x34 C:/NXP/S32DS.3.4/S32DS/build_tools/gcc_b1620/gcc-6.3-arm32-eabi/arm-none-eabi/newlib/lib/thumb/v7e-m/fpv4-sp/hard\libc_nano.a(lib_a-memmove.o)
                0x1fff9810                memmove
 .text._free_r  0x1fff9844       0x9c C:/NXP/S32DS.3.4/S32DS/build_tools/gcc_b1620/gcc-6.3-arm32-eabi/arm-none-eabi/newlib/lib/thumb/v7e-m/fpv4-sp/hard\libc_nano.a(lib_a-nano-freer.o)
                0x1fff9844                _free_r
 .text._malloc_r
                0x1fff98e0       0xbc C:/NXP/S32DS.3.4/S32DS/build_tools/gcc_b1620/gcc-6.3-arm32-eabi/arm-none-eabi/newlib/lib/thumb/v7e-m/fpv4-sp/hard\libc_nano.a(lib_a-nano-mallocr.o)
                0x1fff98e0                _malloc_r
 .text._realloc_r
                0x1fff999c       0x4c C:/NXP/S32DS.3.4/S32DS/build_tools/gcc_b1620/gcc-6.3-arm32-eabi/arm-none-eabi/newlib/lib/thumb/v7e-m/fpv4-sp/hard\libc_nano.a(lib_a-nano-reallocr.o)
                0x1fff999c                _realloc_r
 .text._sbrk_r  0x1fff99e8       0x20 C:/NXP/S32DS.3.4/S32DS/build_tools/gcc_b1620/gcc-6.3-arm32-eabi/arm-none-eabi/newlib/lib/thumb/v7e-m/fpv4-sp/hard\libc_nano.a(lib_a-sbrkr.o)
                0x1fff99e8                _sbrk_r
 .text.__malloc_lock
                0x1fff9a08        0x2 C:/NXP/S32DS.3.4/S32DS/build_tools/gcc_b1620/gcc-6.3-arm32-eabi/arm-none-eabi/newlib/lib/thumb/v7e-m/fpv4-sp/hard\libc_nano.a(lib_a-mlock.o)
                0x1fff9a08                __malloc_lock
 .text.__malloc_unlock
                0x1fff9a0a        0x2 C:/NXP/S32DS.3.4/S32DS/build_tools/gcc_b1620/gcc-6.3-arm32-eabi/arm-none-eabi/newlib/lib/thumb/v7e-m/fpv4-sp/hard\libc_nano.a(lib_a-mlock.o)
                0x1fff9a0a                __malloc_unlock
 .text._malloc_usable_size_r
                0x1fff9a0c       0x12 C:/NXP/S32DS.3.4/S32DS/build_tools/gcc_b1620/gcc-6.3-arm32-eabi/arm-none-eabi/newlib/lib/thumb/v7e-m/fpv4-sp/hard\libc_nano.a(lib_a-nano-msizer.o)
                0x1fff9a0c                _malloc_usable_size_r
 *fill*         0x1fff9a1e        0x2 
 .text._sbrk    0x1fff9a20       0x1c C:/NXP/S32DS.3.4/S32DS/build_tools/gcc_b1620/gcc-6.3-arm32-eabi/arm-none-eabi/newlib/lib/thumb/v7e-m/fpv4-sp/hard\libnosys.a(sbrk.o)
                0x1fff9a20                _sbrk
 *(.rodata)
 .rodata        0x1fff9a3c        0xc ./src/Middleware.o
 *(.rodata*)
 .rodata.LPIT0_Ch0_IRQHandler.str1.4
                0x1fff9a48       0x14 ./src/main.o
                                 0x12 (size before relaxing)
 .rodata._svfprintf_r.str1.1
                0x1fff9a5c       0x11 C:/NXP/S32DS.3.4/S32DS/build_tools/gcc_b1620/gcc-6.3-arm32-eabi/arm-none-eabi/newlib/lib/thumb/v7e-m/fpv4-sp/hard\libc_nano.a(lib_a-nano-svfprintf.o)
 .rodata._printf_i.str1.1
                0x1fff9a6d       0x22 C:/NXP/S32DS.3.4/S32DS/build_tools/gcc_b1620/gcc-6.3-arm32-eabi/arm-none-eabi/newlib/lib/thumb/v7e-m/fpv4-sp/hard\libc_nano.a(lib_a-nano-vfprintf_i.o)
 *(.init)
 *fill*         0x1fff9a8f        0x1 
 .init          0x1fff9a90        0x4 c:/nxp/s32ds.3.4/s32ds/build_tools/gcc_v6.3/gcc-6.3-arm32-eabi/bin/../lib/gcc/arm-none-eabi/6.3.1/thumb/v7e-m/fpv4-sp/hard/crti.o
                0x1fff9a90                _init
 *(.fini)
 .fini          0x1fff9a94        0x4 c:/nxp/s32ds.3.4/s32ds/build_tools/gcc_v6.3/gcc-6.3-arm32-eabi/bin/../lib/gcc/arm-none-eabi/6.3.1/thumb/v7e-m/fpv4-sp/hard/crti.o
                0x1fff9a94                _fini
 *(.eh_frame)
                0x1fff9a98                . = ALIGN (0x4)

.glue_7         0x1fff9a98        0x0
 .glue_7        0x1fff9a98        0x0 linker stubs

.glue_7t        0x1fff9a98        0x0
 .glue_7t       0x1fff9a98        0x0 linker stubs

.vfp11_veneer   0x1fff9a98        0x0
 .vfp11_veneer  0x1fff9a98        0x0 linker stubs

.v4_bx          0x1fff9a98        0x0
 .v4_bx         0x1fff9a98        0x0 linker stubs

.iplt           0x1fff9a98        0x0
 .iplt          0x1fff9a98        0x0 c:/nxp/s32ds.3.4/s32ds/build_tools/gcc_v6.3/gcc-6.3-arm32-eabi/bin/../lib/gcc/arm-none-eabi/6.3.1/thumb/v7e-m/fpv4-sp/hard/crtbegin.o

.rel.dyn        0x1fff9a98        0x0
 .rel.iplt      0x1fff9a98        0x0 c:/nxp/s32ds.3.4/s32ds/build_tools/gcc_v6.3/gcc-6.3-arm32-eabi/bin/../lib/gcc/arm-none-eabi/6.3.1/thumb/v7e-m/fpv4-sp/hard/crtbegin.o

.ARM            0x1fff9a98        0x0
                0x1fff9a98                __exidx_start = .
 *(.ARM.exidx*)
                0x1fff9a98                __exidx_end = .

.code_ram       0x1fff9a98        0x0
                0x1fff9a98                . = ALIGN (0x4)
                0x1fff9a98                __CODE_RAM = .
                0x1fff9a98                __code_ram_start__ = .
 *(.code_ram)
                0x1fff9a98                __CODE_ROM = .
                0x1fff9a98                __CODE_END = .
                0x1fff9a98                __code_ram_end__ = .
                0x1fff9a98                . = ALIGN (0x4)
                0x1fff9a98                __etext = .
                0x1fff9a98                __DATA_ROM = .
                0x1fff9a98                __DATA_END = __DATA_ROM

.customSectionBlock
                0x20000000        0x0
                0x20000000                __customSection_start__ = .
 *(.customSection)
                0x20000000                __customSection_end__ = .
                0x20000000                __CUSTOM_ROM = .
                0x20000000                __CUSTOM_END = .

.data           0x20000000       0x70
                0x20000000                . = ALIGN (0x4)
                0x20000000                __DATA_RAM = .
                0x20000000                __data_start__ = .
 *(.data)
 *(.data*)
 .data.Duty_cycle
                0x20000000        0x4 ./src/main.o
                0x20000000                Duty_cycle
 .data.counter  0x20000004        0x4 ./src/main.o
                0x20000004                counter
 .data.tval_ch0
                0x20000008        0x4 ./src/main.o
                0x20000008                tval_ch0
 .data._impure_ptr
                0x2000000c        0x4 C:/NXP/S32DS.3.4/S32DS/build_tools/gcc_b1620/gcc-6.3-arm32-eabi/arm-none-eabi/newlib/lib/thumb/v7e-m/fpv4-sp/hard\libc_nano.a(lib_a-impure.o)
                0x2000000c                _impure_ptr
 .data.impure_data
                0x20000010       0x60 C:/NXP/S32DS.3.4/S32DS/build_tools/gcc_b1620/gcc-6.3-arm32-eabi/arm-none-eabi/newlib/lib/thumb/v7e-m/fpv4-sp/hard\libc_nano.a(lib_a-impure.o)
                0x20000070                . = ALIGN (0x4)
                0x20000070                __data_end__ = .

.igot.plt       0x20000070        0x0
 .igot.plt      0x20000070        0x0 c:/nxp/s32ds.3.4/s32ds/build_tools/gcc_v6.3/gcc-6.3-arm32-eabi/bin/../lib/gcc/arm-none-eabi/6.3.1/thumb/v7e-m/fpv4-sp/hard/crtbegin.o

.bss            0x20000070       0x90
                0x20000070                . = ALIGN (0x4)
                0x20000070                __BSS_START = .
                0x20000070                __bss_start__ = .
 *(.bss)
 *(.bss*)
 .bss.__malloc_free_list
                0x20000070        0x4 C:/NXP/S32DS.3.4/S32DS/build_tools/gcc_b1620/gcc-6.3-arm32-eabi/arm-none-eabi/newlib/lib/thumb/v7e-m/fpv4-sp/hard\libc_nano.a(lib_a-nano-mallocr.o)
                0x20000070                __malloc_free_list
 .bss.__malloc_sbrk_start
                0x20000074        0x4 C:/NXP/S32DS.3.4/S32DS/build_tools/gcc_b1620/gcc-6.3-arm32-eabi/arm-none-eabi/newlib/lib/thumb/v7e-m/fpv4-sp/hard\libc_nano.a(lib_a-nano-mallocr.o)
                0x20000074                __malloc_sbrk_start
 .bss.errno     0x20000078        0x4 C:/NXP/S32DS.3.4/S32DS/build_tools/gcc_b1620/gcc-6.3-arm32-eabi/arm-none-eabi/newlib/lib/thumb/v7e-m/fpv4-sp/hard\libc_nano.a(lib_a-reent.o)
                0x20000078                errno
 .bss.heap_end.5365
                0x2000007c        0x4 C:/NXP/S32DS.3.4/S32DS/build_tools/gcc_b1620/gcc-6.3-arm32-eabi/arm-none-eabi/newlib/lib/thumb/v7e-m/fpv4-sp/hard\libnosys.a(sbrk.o)
 *(COMMON)
 COMMON         0x20000080       0x80 ./src/main.o
                0x20000080                transmit_data
                0x20000100                . = ALIGN (0x4)
                0x20000100                __bss_end__ = .
                0x20000100                __BSS_END = .

.heap           0x20000100      0x400
                0x20000100                . = ALIGN (0x8)
                0x20000100                __end__ = .
                0x20000100                __heap_start__ = .
                0x20000100                PROVIDE (end, .)
                [!provide]                PROVIDE (_end, .)
                [!provide]                PROVIDE (__end, .)
                0x20000100                __HeapBase = .
                0x20000500                . = (. + HEAP_SIZE)
 *fill*         0x20000100      0x400 
                0x20000500                __HeapLimit = .
                0x20000500                __heap_limit = .
                0x20000500                __heap_end__ = .
                0x20007000                __StackTop = (ORIGIN (m_data) + LENGTH (m_data))
                0x20006c00                __StackLimit = (__StackTop - STACK_SIZE)
                0x20007000                PROVIDE (__stack, __StackTop)

.stack          0x20006c00      0x400
                0x20006c00                . = ALIGN (0x8)
                0x20006c00                __stack_start__ = .
                0x20007000                . = (. + STACK_SIZE)
 *fill*         0x20006c00      0x400 
                0x20007000                __stack_end__ = .

.ARM.attributes
                0x00000000       0x30
 *(.ARM.attributes)
 .ARM.attributes
                0x00000000       0x22 c:/nxp/s32ds.3.4/s32ds/build_tools/gcc_v6.3/gcc-6.3-arm32-eabi/bin/../lib/gcc/arm-none-eabi/6.3.1/thumb/v7e-m/fpv4-sp/hard/crti.o
 .ARM.attributes
                0x00000022       0x1f ./Project_Settings/Startup_Code/startup_S32K144.o
 .ARM.attributes
                0x00000041       0x39 ./SDK/platform/devices/S32K144/startup/system_S32K144.o
 .ARM.attributes
                0x0000007a       0x39 ./SDK/platform/devices/startup.o
 .ARM.attributes
                0x000000b3       0x39 ./src/FTM.o
 .ARM.attributes
                0x000000ec       0x39 ./src/FlexCAN.o
 .ARM.attributes
                0x00000125       0x39 ./src/GPIO.o
 .ARM.attributes
                0x0000015e       0x39 ./src/LPIT.o
 .ARM.attributes
                0x00000197       0x39 ./src/LUART.o
 .ARM.attributes
                0x000001d0       0x39 ./src/Middleware.o
 .ARM.attributes
                0x00000209       0x39 ./src/NVIC.o
 .ARM.attributes
                0x00000242       0x39 ./src/PORT.o
 .ARM.attributes
                0x0000027b       0x39 ./src/clocks_and_modes.o
 .ARM.attributes
                0x000002b4       0x39 ./src/main.o
 .ARM.attributes
                0x000002ed       0x34 C:/NXP/S32DS.3.4/S32DS/build_tools/gcc_b1620/gcc-6.3-arm32-eabi/arm-none-eabi/newlib/lib/thumb/v7e-m/fpv4-sp/hard\libc_nano.a(lib_a-impure.o)
 .ARM.attributes
                0x00000321       0x34 C:/NXP/S32DS.3.4/S32DS/build_tools/gcc_b1620/gcc-6.3-arm32-eabi/arm-none-eabi/newlib/lib/thumb/v7e-m/fpv4-sp/hard\libc_nano.a(lib_a-sprintf.o)
 .ARM.attributes
                0x00000355       0x34 C:/NXP/S32DS.3.4/S32DS/build_tools/gcc_b1620/gcc-6.3-arm32-eabi/arm-none-eabi/newlib/lib/thumb/v7e-m/fpv4-sp/hard\libc_nano.a(lib_a-nano-svfprintf.o)
 .ARM.attributes
                0x00000389       0x34 C:/NXP/S32DS.3.4/S32DS/build_tools/gcc_b1620/gcc-6.3-arm32-eabi/arm-none-eabi/newlib/lib/thumb/v7e-m/fpv4-sp/hard\libc_nano.a(lib_a-nano-vfprintf_i.o)
 .ARM.attributes
                0x000003bd       0x20 C:/NXP/S32DS.3.4/S32DS/build_tools/gcc_b1620/gcc-6.3-arm32-eabi/arm-none-eabi/newlib/lib/thumb/v7e-m/fpv4-sp/hard\libc_nano.a(lib_a-memchr.o)
 .ARM.attributes
                0x000003dd       0x34 C:/NXP/S32DS.3.4/S32DS/build_tools/gcc_b1620/gcc-6.3-arm32-eabi/arm-none-eabi/newlib/lib/thumb/v7e-m/fpv4-sp/hard\libc_nano.a(lib_a-memcpy-stub.o)
 .ARM.attributes
                0x00000411       0x34 C:/NXP/S32DS.3.4/S32DS/build_tools/gcc_b1620/gcc-6.3-arm32-eabi/arm-none-eabi/newlib/lib/thumb/v7e-m/fpv4-sp/hard\libc_nano.a(lib_a-memmove.o)
 .ARM.attributes
                0x00000445       0x34 C:/NXP/S32DS.3.4/S32DS/build_tools/gcc_b1620/gcc-6.3-arm32-eabi/arm-none-eabi/newlib/lib/thumb/v7e-m/fpv4-sp/hard\libc_nano.a(lib_a-nano-freer.o)
 .ARM.attributes
                0x00000479       0x34 C:/NXP/S32DS.3.4/S32DS/build_tools/gcc_b1620/gcc-6.3-arm32-eabi/arm-none-eabi/newlib/lib/thumb/v7e-m/fpv4-sp/hard\libc_nano.a(lib_a-nano-mallocr.o)
 .ARM.attributes
                0x000004ad       0x34 C:/NXP/S32DS.3.4/S32DS/build_tools/gcc_b1620/gcc-6.3-arm32-eabi/arm-none-eabi/newlib/lib/thumb/v7e-m/fpv4-sp/hard\libc_nano.a(lib_a-nano-reallocr.o)
 .ARM.attributes
                0x000004e1       0x34 C:/NXP/S32DS.3.4/S32DS/build_tools/gcc_b1620/gcc-6.3-arm32-eabi/arm-none-eabi/newlib/lib/thumb/v7e-m/fpv4-sp/hard\libc_nano.a(lib_a-sbrkr.o)
 .ARM.attributes
                0x00000515       0x34 C:/NXP/S32DS.3.4/S32DS/build_tools/gcc_b1620/gcc-6.3-arm32-eabi/arm-none-eabi/newlib/lib/thumb/v7e-m/fpv4-sp/hard\libc_nano.a(lib_a-mlock.o)
 .ARM.attributes
                0x00000549       0x34 C:/NXP/S32DS.3.4/S32DS/build_tools/gcc_b1620/gcc-6.3-arm32-eabi/arm-none-eabi/newlib/lib/thumb/v7e-m/fpv4-sp/hard\libc_nano.a(lib_a-nano-msizer.o)
 .ARM.attributes
                0x0000057d       0x34 C:/NXP/S32DS.3.4/S32DS/build_tools/gcc_b1620/gcc-6.3-arm32-eabi/arm-none-eabi/newlib/lib/thumb/v7e-m/fpv4-sp/hard\libc_nano.a(lib_a-reent.o)
 .ARM.attributes
                0x000005b1       0x34 C:/NXP/S32DS.3.4/S32DS/build_tools/gcc_b1620/gcc-6.3-arm32-eabi/arm-none-eabi/newlib/lib/thumb/v7e-m/fpv4-sp/hard\libnosys.a(sbrk.o)
                0x00000001                ASSERT ((__StackLimit >= __HeapLimit), region m_data overflowed with stack and heap)

/DISCARD/
 *(.FlashConfig)
OUTPUT(Minhvx3_EMB__Test.elf elf32-littlearm)

.debug_line     0x00000000     0x3358
 .debug_line    0x00000000       0xbf ./Project_Settings/Startup_Code/startup_S32K144.o
 .debug_line    0x000000bf      0x423 ./SDK/platform/devices/S32K144/startup/system_S32K144.o
 .debug_line    0x000004e2      0x3b1 ./SDK/platform/devices/startup.o
 .debug_line    0x00000893      0x3c2 ./src/FTM.o
 .debug_line    0x00000c55      0x4f6 ./src/FlexCAN.o
 .debug_line    0x0000114b      0x388 ./src/GPIO.o
 .debug_line    0x000014d3      0x348 ./src/LPIT.o
 .debug_line    0x0000181b      0x3e2 ./src/LUART.o
 .debug_line    0x00001bfd      0x637 ./src/Middleware.o
 .debug_line    0x00002234      0x31d ./src/NVIC.o
 .debug_line    0x00002551      0x368 ./src/PORT.o
 .debug_line    0x000028b9      0x3e8 ./src/clocks_and_modes.o
 .debug_line    0x00002ca1      0x6b7 ./src/main.o

.debug_info     0x00000000     0x8be7
 .debug_info    0x00000000       0x26 ./Project_Settings/Startup_Code/startup_S32K144.o
 .debug_info    0x00000026      0x521 ./SDK/platform/devices/S32K144/startup/system_S32K144.o
 .debug_info    0x00000547      0x2ad ./SDK/platform/devices/startup.o
 .debug_info    0x000007f4      0x4cd ./src/FTM.o
 .debug_info    0x00000cc1      0xb13 ./src/FlexCAN.o
 .debug_info    0x000017d4      0xacd ./src/GPIO.o
 .debug_info    0x000022a1      0xb05 ./src/LPIT.o
 .debug_info    0x00002da6      0x355 ./src/LUART.o
 .debug_info    0x000030fb     0x1c65 ./src/Middleware.o
 .debug_info    0x00004d60      0xcc5 ./src/NVIC.o
 .debug_info    0x00005a25      0xda7 ./src/PORT.o
 .debug_info    0x000067cc      0x27f ./src/clocks_and_modes.o
 .debug_info    0x00006a4b     0x219c ./src/main.o

.debug_abbrev   0x00000000     0x14a3
 .debug_abbrev  0x00000000       0x14 ./Project_Settings/Startup_Code/startup_S32K144.o
 .debug_abbrev  0x00000014      0x141 ./SDK/platform/devices/S32K144/startup/system_S32K144.o
 .debug_abbrev  0x00000155       0xe1 ./SDK/platform/devices/startup.o
 .debug_abbrev  0x00000236      0x134 ./src/FTM.o
 .debug_abbrev  0x0000036a      0x233 ./src/FlexCAN.o
 .debug_abbrev  0x0000059d      0x206 ./src/GPIO.o
 .debug_abbrev  0x000007a3      0x1dc ./src/LPIT.o
 .debug_abbrev  0x0000097f      0x186 ./src/LUART.o
 .debug_abbrev  0x00000b05      0x2b5 ./src/Middleware.o
 .debug_abbrev  0x00000dba      0x1f7 ./src/NVIC.o
 .debug_abbrev  0x00000fb1      0x1dd ./src/PORT.o
 .debug_abbrev  0x0000118e       0xc2 ./src/clocks_and_modes.o
 .debug_abbrev  0x00001250      0x253 ./src/main.o

.debug_aranges  0x00000000      0x310
 .debug_aranges
                0x00000000       0x20 ./Project_Settings/Startup_Code/startup_S32K144.o
 .debug_aranges
                0x00000020       0x30 ./SDK/platform/devices/S32K144/startup/system_S32K144.o
 .debug_aranges
                0x00000050       0x20 ./SDK/platform/devices/startup.o
 .debug_aranges
                0x00000070       0x38 ./src/FTM.o
 .debug_aranges
                0x000000a8       0x58 ./src/FlexCAN.o
 .debug_aranges
                0x00000100       0x40 ./src/GPIO.o
 .debug_aranges
                0x00000140       0x30 ./src/LPIT.o
 .debug_aranges
                0x00000170       0x40 ./src/LUART.o
 .debug_aranges
                0x000001b0       0x88 ./src/Middleware.o
 .debug_aranges
                0x00000238       0x28 ./src/NVIC.o
 .debug_aranges
                0x00000260       0x30 ./src/PORT.o
 .debug_aranges
                0x00000290       0x30 ./src/clocks_and_modes.o
 .debug_aranges
                0x000002c0       0x50 ./src/main.o

.debug_str      0x00000000    0x70ac7
 .debug_str     0x00000000       0xb9 ./Project_Settings/Startup_Code/startup_S32K144.o
 .debug_str     0x000000b9    0x6939a ./SDK/platform/devices/S32K144/startup/system_S32K144.o
                              0x6951d (size before relaxing)
 .debug_str     0x00069453      0x399 ./SDK/platform/devices/startup.o
                              0x6968f (size before relaxing)
 .debug_str     0x000697ec      0x2fa ./src/FTM.o
                              0x695c9 (size before relaxing)
 .debug_str     0x00069ae6      0xc9d ./src/FlexCAN.o
                              0x69f87 (size before relaxing)
 .debug_str     0x0006a783     0x3459 ./src/GPIO.o
                              0x66d39 (size before relaxing)
 .debug_str     0x0006dbdc      0x11c ./src/LPIT.o
                              0x66d88 (size before relaxing)
 .debug_str     0x0006dcf8      0x192 ./src/LUART.o
                              0x69435 (size before relaxing)
 .debug_str     0x0006de8a      0x449 ./src/Middleware.o
                              0x6dc27 (size before relaxing)
 .debug_str     0x0006e2d3       0x5d ./src/NVIC.o
                              0x672ce (size before relaxing)
 .debug_str     0x0006e330       0x3d ./src/PORT.o
                              0x673fa (size before relaxing)
 .debug_str     0x0006e36d       0x2e ./src/clocks_and_modes.o
                              0x693ac (size before relaxing)
 .debug_str     0x0006e39b     0x272c ./src/main.o
                              0x6f794 (size before relaxing)

.debug_loc      0x00000000      0x9f4
 .debug_loc     0x00000000       0xeb ./SDK/platform/devices/S32K144/startup/system_S32K144.o
 .debug_loc     0x000000eb       0xec ./SDK/platform/devices/startup.o
 .debug_loc     0x000001d7       0x21 ./src/FTM.o
 .debug_loc     0x000001f8      0x252 ./src/FlexCAN.o
 .debug_loc     0x0000044a      0x162 ./src/GPIO.o
 .debug_loc     0x000005ac       0x7e ./src/LPIT.o
 .debug_loc     0x0000062a       0x88 ./src/LUART.o
 .debug_loc     0x000006b2      0x27f ./src/Middleware.o
 .debug_loc     0x00000931       0x21 ./src/NVIC.o
 .debug_loc     0x00000952       0xa2 ./src/PORT.o

.debug_ranges   0x00000000      0x248
 .debug_ranges  0x00000000       0x20 ./SDK/platform/devices/S32K144/startup/system_S32K144.o
 .debug_ranges  0x00000020       0x10 ./SDK/platform/devices/startup.o
 .debug_ranges  0x00000030       0x28 ./src/FTM.o
 .debug_ranges  0x00000058       0x48 ./src/FlexCAN.o
 .debug_ranges  0x000000a0       0x30 ./src/GPIO.o
 .debug_ranges  0x000000d0       0x20 ./src/LPIT.o
 .debug_ranges  0x000000f0       0x30 ./src/LUART.o
 .debug_ranges  0x00000120       0x90 ./src/Middleware.o
 .debug_ranges  0x000001b0       0x18 ./src/NVIC.o
 .debug_ranges  0x000001c8       0x20 ./src/PORT.o
 .debug_ranges  0x000001e8       0x20 ./src/clocks_and_modes.o
 .debug_ranges  0x00000208       0x40 ./src/main.o

.debug_macro    0x00000000    0x20ef9
 .debug_macro   0x00000000       0xb6 ./SDK/platform/devices/S32K144/startup/system_S32K144.o
 .debug_macro   0x000000b6      0x8d4 ./SDK/platform/devices/S32K144/startup/system_S32K144.o
 .debug_macro   0x0000098a       0x10 ./SDK/platform/devices/S32K144/startup/system_S32K144.o
 .debug_macro   0x0000099a       0x79 ./SDK/platform/devices/S32K144/startup/system_S32K144.o
 .debug_macro   0x00000a13       0x19 ./SDK/platform/devices/S32K144/startup/system_S32K144.o
 .debug_macro   0x00000a2c       0x22 ./SDK/platform/devices/S32K144/startup/system_S32K144.o
 .debug_macro   0x00000a4e       0x4f ./SDK/platform/devices/S32K144/startup/system_S32K144.o
 .debug_macro   0x00000a9d       0x51 ./SDK/platform/devices/S32K144/startup/system_S32K144.o
 .debug_macro   0x00000aee       0xef ./SDK/platform/devices/S32K144/startup/system_S32K144.o
 .debug_macro   0x00000bdd       0x6a ./SDK/platform/devices/S32K144/startup/system_S32K144.o
 .debug_macro   0x00000c47      0x1df ./SDK/platform/devices/S32K144/startup/system_S32K144.o
 .debug_macro   0x00000e26     0xee9e ./SDK/platform/devices/S32K144/startup/system_S32K144.o
 .debug_macro   0x0000fcc4      0xbbd ./SDK/platform/devices/S32K144/startup/system_S32K144.o
 .debug_macro   0x00010881       0x22 ./SDK/platform/devices/S32K144/startup/system_S32K144.o
 .debug_macro   0x000108a3       0x28 ./SDK/platform/devices/S32K144/startup/system_S32K144.o
 .debug_macro   0x000108cb       0xb6 ./SDK/platform/devices/startup.o
 .debug_macro   0x00010981     0xeeb3 ./SDK/platform/devices/startup.o
 .debug_macro   0x0001f834       0x40 ./SDK/platform/devices/startup.o
 .debug_macro   0x0001f874       0xb7 ./src/FTM.o
 .debug_macro   0x0001f92b       0xd2 ./src/FlexCAN.o
 .debug_macro   0x0001f9fd       0xb2 ./src/FlexCAN.o
 .debug_macro   0x0001faaf      0x130 ./src/GPIO.o
 .debug_macro   0x0001fbdf       0x52 ./src/GPIO.o
 .debug_macro   0x0001fc31       0x3c ./src/GPIO.o
 .debug_macro   0x0001fc6d       0x9c ./src/GPIO.o
 .debug_macro   0x0001fd09       0x52 ./src/GPIO.o
 .debug_macro   0x0001fd5b       0x1f ./src/GPIO.o
 .debug_macro   0x0001fd7a       0x43 ./src/GPIO.o
 .debug_macro   0x0001fdbd       0x20 ./src/GPIO.o
 .debug_macro   0x0001fddd      0x1a3 ./src/GPIO.o
 .debug_macro   0x0001ff80      0x330 ./src/GPIO.o
 .debug_macro   0x000202b0       0x10 ./src/GPIO.o
 .debug_macro   0x000202c0       0x35 ./src/GPIO.o
 .debug_macro   0x000202f5      0x12a ./src/LPIT.o
 .debug_macro   0x0002041f       0xb7 ./src/LUART.o
 .debug_macro   0x000204d6      0x1ed ./src/Middleware.o
 .debug_macro   0x000206c3       0x4c ./src/Middleware.o
 .debug_macro   0x0002070f      0x12a ./src/NVIC.o
 .debug_macro   0x00020839      0x138 ./src/PORT.o
 .debug_macro   0x00020971       0xb7 ./src/clocks_and_modes.o
 .debug_macro   0x00020a28      0x299 ./src/main.o
 .debug_macro   0x00020cc1       0x1c ./src/main.o
 .debug_macro   0x00020cdd       0x10 ./src/main.o
 .debug_macro   0x00020ced       0x10 ./src/main.o
 .debug_macro   0x00020cfd       0xb6 ./src/main.o
 .debug_macro   0x00020db3       0x16 ./src/main.o
 .debug_macro   0x00020dc9      0x130 ./src/main.o

.comment        0x00000000       0xa0
 .comment       0x00000000       0xa0 ./SDK/platform/devices/S32K144/startup/system_S32K144.o
                                 0xa1 (size before relaxing)
 .comment       0x000000a0       0xa1 ./SDK/platform/devices/startup.o
 .comment       0x000000a0       0xa1 ./src/FTM.o
 .comment       0x000000a0       0xa1 ./src/FlexCAN.o
 .comment       0x000000a0       0xa1 ./src/GPIO.o
 .comment       0x000000a0       0xa1 ./src/LPIT.o
 .comment       0x000000a0       0xa1 ./src/LUART.o
 .comment       0x000000a0       0xa1 ./src/Middleware.o
 .comment       0x000000a0       0xa1 ./src/NVIC.o
 .comment       0x000000a0       0xa1 ./src/PORT.o
 .comment       0x000000a0       0xa1 ./src/clocks_and_modes.o
 .comment       0x000000a0       0xa1 ./src/main.o

.debug_frame    0x00000000      0x920
 .debug_frame   0x00000000       0x40 ./SDK/platform/devices/S32K144/startup/system_S32K144.o
 .debug_frame   0x00000040       0x2c ./SDK/platform/devices/startup.o
 .debug_frame   0x0000006c       0x5c ./src/FTM.o
 .debug_frame   0x000000c8       0xd4 ./src/FlexCAN.o
 .debug_frame   0x0000019c       0x6c ./src/GPIO.o
 .debug_frame   0x00000208       0x54 ./src/LPIT.o
 .debug_frame   0x0000025c       0x70 ./src/LUART.o
 .debug_frame   0x000002cc      0x1a4 ./src/Middleware.o
 .debug_frame   0x00000470       0x30 ./src/NVIC.o
 .debug_frame   0x000004a0       0x50 ./src/PORT.o
 .debug_frame   0x000004f0       0x40 ./src/clocks_and_modes.o
 .debug_frame   0x00000530       0xa8 ./src/main.o
 .debug_frame   0x000005d8       0x70 C:/NXP/S32DS.3.4/S32DS/build_tools/gcc_b1620/gcc-6.3-arm32-eabi/arm-none-eabi/newlib/lib/thumb/v7e-m/fpv4-sp/hard\libc_nano.a(lib_a-sprintf.o)
 .debug_frame   0x00000648       0x90 C:/NXP/S32DS.3.4/S32DS/build_tools/gcc_b1620/gcc-6.3-arm32-eabi/arm-none-eabi/newlib/lib/thumb/v7e-m/fpv4-sp/hard\libc_nano.a(lib_a-nano-svfprintf.o)
 .debug_frame   0x000006d8       0x60 C:/NXP/S32DS.3.4/S32DS/build_tools/gcc_b1620/gcc-6.3-arm32-eabi/arm-none-eabi/newlib/lib/thumb/v7e-m/fpv4-sp/hard\libc_nano.a(lib_a-nano-vfprintf_i.o)
 .debug_frame   0x00000738       0x28 C:/NXP/S32DS.3.4/S32DS/build_tools/gcc_b1620/gcc-6.3-arm32-eabi/arm-none-eabi/newlib/lib/thumb/v7e-m/fpv4-sp/hard\libc_nano.a(lib_a-memcpy-stub.o)
 .debug_frame   0x00000760       0x28 C:/NXP/S32DS.3.4/S32DS/build_tools/gcc_b1620/gcc-6.3-arm32-eabi/arm-none-eabi/newlib/lib/thumb/v7e-m/fpv4-sp/hard\libc_nano.a(lib_a-memmove.o)
 .debug_frame   0x00000788       0x38 C:/NXP/S32DS.3.4/S32DS/build_tools/gcc_b1620/gcc-6.3-arm32-eabi/arm-none-eabi/newlib/lib/thumb/v7e-m/fpv4-sp/hard\libc_nano.a(lib_a-nano-freer.o)
 .debug_frame   0x000007c0       0x2c C:/NXP/S32DS.3.4/S32DS/build_tools/gcc_b1620/gcc-6.3-arm32-eabi/arm-none-eabi/newlib/lib/thumb/v7e-m/fpv4-sp/hard\libc_nano.a(lib_a-nano-mallocr.o)
 .debug_frame   0x000007ec       0x3c C:/NXP/S32DS.3.4/S32DS/build_tools/gcc_b1620/gcc-6.3-arm32-eabi/arm-none-eabi/newlib/lib/thumb/v7e-m/fpv4-sp/hard\libc_nano.a(lib_a-nano-reallocr.o)
 .debug_frame   0x00000828       0x2c C:/NXP/S32DS.3.4/S32DS/build_tools/gcc_b1620/gcc-6.3-arm32-eabi/arm-none-eabi/newlib/lib/thumb/v7e-m/fpv4-sp/hard\libc_nano.a(lib_a-sbrkr.o)
 .debug_frame   0x00000854       0x30 C:/NXP/S32DS.3.4/S32DS/build_tools/gcc_b1620/gcc-6.3-arm32-eabi/arm-none-eabi/newlib/lib/thumb/v7e-m/fpv4-sp/hard\libc_nano.a(lib_a-mlock.o)
 .debug_frame   0x00000884       0x20 C:/NXP/S32DS.3.4/S32DS/build_tools/gcc_b1620/gcc-6.3-arm32-eabi/arm-none-eabi/newlib/lib/thumb/v7e-m/fpv4-sp/hard\libc_nano.a(lib_a-nano-msizer.o)
 .debug_frame   0x000008a4       0x5c C:/NXP/S32DS.3.4/S32DS/build_tools/gcc_b1620/gcc-6.3-arm32-eabi/arm-none-eabi/newlib/lib/thumb/v7e-m/fpv4-sp/hard\libc_nano.a(lib_a-reent.o)
 .debug_frame   0x00000900       0x20 C:/NXP/S32DS.3.4/S32DS/build_tools/gcc_b1620/gcc-6.3-arm32-eabi/arm-none-eabi/newlib/lib/thumb/v7e-m/fpv4-sp/hard\libnosys.a(sbrk.o)
